------------------------------------------------------------
Timing Analyzer Summary
------------------------------------------------------------

Type  : Slow 1200mV 85C Model Setup 'pwmClkGen:inst1|pwmClk'
Slack : -2.752
TNS   : -47.088

Type  : Slow 1200mV 85C Model Setup 'baudClkGen:inst|baudClk'
Slack : -2.487
TNS   : -60.674

Type  : Slow 1200mV 85C Model Setup 'CLOCK_50'
Slack : -1.651
TNS   : -19.343

Type  : Slow 1200mV 85C Model Setup 'uartReciever:inst2|rxCompleteFlag'
Slack : -0.064
TNS   : -0.285

Type  : Slow 1200mV 85C Model Hold 'uartReciever:inst2|rxCompleteFlag'
Slack : 0.354
TNS   : 0.000

Type  : Slow 1200mV 85C Model Hold 'baudClkGen:inst|baudClk'
Slack : 0.358
TNS   : 0.000

Type  : Slow 1200mV 85C Model Hold 'CLOCK_50'
Slack : 0.383
TNS   : 0.000

Type  : Slow 1200mV 85C Model Hold 'pwmClkGen:inst1|pwmClk'
Slack : 0.707
TNS   : 0.000

Type  : Slow 1200mV 85C Model Minimum Pulse Width 'CLOCK_50'
Slack : -3.000
TNS   : -21.000

Type  : Slow 1200mV 85C Model Minimum Pulse Width 'baudClkGen:inst|baudClk'
Slack : -1.000
TNS   : -44.000

Type  : Slow 1200mV 85C Model Minimum Pulse Width 'pwmClkGen:inst1|pwmClk'
Slack : -1.000
TNS   : -31.000

Type  : Slow 1200mV 85C Model Minimum Pulse Width 'uartReciever:inst2|rxCompleteFlag'
Slack : -1.000
TNS   : -14.000

Type  : Slow 1200mV 0C Model Setup 'pwmClkGen:inst1|pwmClk'
Slack : -2.346
TNS   : -39.046

Type  : Slow 1200mV 0C Model Setup 'baudClkGen:inst|baudClk'
Slack : -2.126
TNS   : -50.344

Type  : Slow 1200mV 0C Model Setup 'CLOCK_50'
Slack : -1.374
TNS   : -15.586

Type  : Slow 1200mV 0C Model Setup 'uartReciever:inst2|rxCompleteFlag'
Slack : 0.079
TNS   : 0.000

Type  : Slow 1200mV 0C Model Hold 'baudClkGen:inst|baudClk'
Slack : 0.312
TNS   : 0.000

Type  : Slow 1200mV 0C Model Hold 'uartReciever:inst2|rxCompleteFlag'
Slack : 0.325
TNS   : 0.000

Type  : Slow 1200mV 0C Model Hold 'CLOCK_50'
Slack : 0.341
TNS   : 0.000

Type  : Slow 1200mV 0C Model Hold 'pwmClkGen:inst1|pwmClk'
Slack : 0.646
TNS   : 0.000

Type  : Slow 1200mV 0C Model Minimum Pulse Width 'CLOCK_50'
Slack : -3.000
TNS   : -21.000

Type  : Slow 1200mV 0C Model Minimum Pulse Width 'baudClkGen:inst|baudClk'
Slack : -1.000
TNS   : -44.000

Type  : Slow 1200mV 0C Model Minimum Pulse Width 'pwmClkGen:inst1|pwmClk'
Slack : -1.000
TNS   : -31.000

Type  : Slow 1200mV 0C Model Minimum Pulse Width 'uartReciever:inst2|rxCompleteFlag'
Slack : -1.000
TNS   : -14.000

Type  : Fast 1200mV 0C Model Setup 'pwmClkGen:inst1|pwmClk'
Slack : -1.102
TNS   : -12.962

Type  : Fast 1200mV 0C Model Setup 'baudClkGen:inst|baudClk'
Slack : -1.030
TNS   : -16.256

Type  : Fast 1200mV 0C Model Setup 'CLOCK_50'
Slack : -0.505
TNS   : -2.529

Type  : Fast 1200mV 0C Model Setup 'uartReciever:inst2|rxCompleteFlag'
Slack : 0.371
TNS   : 0.000

Type  : Fast 1200mV 0C Model Hold 'uartReciever:inst2|rxCompleteFlag'
Slack : 0.160
TNS   : 0.000

Type  : Fast 1200mV 0C Model Hold 'baudClkGen:inst|baudClk'
Slack : 0.188
TNS   : 0.000

Type  : Fast 1200mV 0C Model Hold 'CLOCK_50'
Slack : 0.200
TNS   : 0.000

Type  : Fast 1200mV 0C Model Hold 'pwmClkGen:inst1|pwmClk'
Slack : 0.372
TNS   : 0.000

Type  : Fast 1200mV 0C Model Minimum Pulse Width 'CLOCK_50'
Slack : -3.000
TNS   : -26.043

Type  : Fast 1200mV 0C Model Minimum Pulse Width 'baudClkGen:inst|baudClk'
Slack : -1.000
TNS   : -44.000

Type  : Fast 1200mV 0C Model Minimum Pulse Width 'pwmClkGen:inst1|pwmClk'
Slack : -1.000
TNS   : -31.000

Type  : Fast 1200mV 0C Model Minimum Pulse Width 'uartReciever:inst2|rxCompleteFlag'
Slack : -1.000
TNS   : -14.000

------------------------------------------------------------
